../Core/Inc/DC_motor.h:12:5:DC_motor::DC_motor(TIM_HandleTypeDef*, GPIO_TypeDef*, uint16_t, TIM_HandleTypeDef*, uint32_t)	24	static
../Core/Src/chassis.cpp:39:6:void test()	4	static
../Core/Src/chassis.cpp:52:6:void test_2()	4	static
../Core/Src/chassis.cpp:60:6:void test_3(float)	16	static
../Core/Src/chassis.cpp:67:6:void chassis_setup()	8	static
../Core/Src/chassis.cpp:79:6:void test_renew_pid_()	8	static
../Core/Src/chassis.cpp:87:6:void mecan_IK_transform(float, float, float)	48	static
../Core/Src/chassis.cpp:103:6:void mecan_FK_transform()	24	static
../Core/Src/chassis.cpp:113:6:void localization(float)	32	static
../Core/Src/chassis.cpp:130:6:void chassis_update_speed(float, float, float)	24	static
../Core/Src/chassis.cpp:147:1:void __static_initialization_and_destruction_0(int, int)	24	static
../Core/Src/chassis.cpp:147:1:cpp)	8	static
