../Core/Src/main.c:115:5:main	8	static
../Core/Src/main.c:204:6:SystemClock_Config	88	static
../Core/Src/main.c:246:13:MX_ADC2_Init	24	static
../Core/Src/main.c:352:13:MX_TIM1_Init	56	static
../Core/Src/main.c:402:13:MX_TIM2_Init	56	static
../Core/Src/main.c:451:13:MX_TIM3_Init	56	static
../Core/Src/main.c:500:13:MX_TIM4_Init	56	static
../Core/Src/main.c:549:13:MX_TIM5_Init	32	static
../Core/Src/main.c:594:13:MX_TIM8_Init	80	static
../Core/Src/main.c:671:13:MX_USART2_UART_Init	8	static
../Core/Src/main.c:702:13:MX_DMA_Init	16	static
../Core/Src/main.c:727:13:MX_GPIO_Init	40	static
../Core/Src/main.c:792:6:StartDefaultTask	168	static
../Core/Src/main.c:880:6:Error_Handler	4	static,ignoring_inline_asm
